<html>
<body>
<pre>
<h1>µVision Build Log</h1>
<h2>Tool Versions:</h2>
IDE-Version: µVision V5.39.0.0
Copyright (C) 2023 ARM Ltd and ARM Germany GmbH. All rights reserved.
License Information: Tai Nguyen Viet Tai, tai, LIC=----
 
Tool Versions:
Toolchain:       MDK-Lite  Version: 5.39.0.0
Toolchain Path:  G:\keilc\KeilC\ARM\ARMCLANG\Bin
C Compiler:      ArmClang.exe V6.21
Assembler:       Armasm.exe V6.21
Linker/Locator:  ArmLink.exe V6.21
Library Manager: ArmAr.exe V6.21
Hex Converter:   FromElf.exe V6.21
CPU DLL:         SARMCM3.DLL V5.39.0.0
Dialog DLL:      DCM.DLL V1.17.5.0
Target DLL:      STLink\ST-LINKIII-KEIL_SWO.dll V3.2.0.0
Dialog DLL:      TCM.DLL V1.56.4.0
 
<h2>Project:</h2>
G:\UET\codeemb\PWM\pwm.uvprojx
Project File Date:  03/30/2024

<h2>Output:</h2>
*** Using Compiler 'V6.21', folder: 'G:\keilc\KeilC\ARM\ARMCLANG\Bin'
Rebuild target 'Target 1'
assembling startup_stm32f10x_md.s...
RTE/Device/STM32F103C8/system_stm32f10x.c(64): warning: In file included from...
G:/keilc/KeilC/Keil/STM32F1xx_DFP/2.4.1/Device/Include\stm32f10x.h(18): warning: invalid UTF-8 in comment [-Winvalid-utf8]
   18 |   *              - To use or not the peripheral<92>s drivers in application code(i.e. 
      |                                                ^
G:/keilc/KeilC/Keil/STM32F1xx_DFP/2.4.1/Device/Include\stm32f10x.h(19): warning: invalid UTF-8 in comment [-Winvalid-utf8]
   19 |   *                code will be based on direct access to peripheral<92>s registers 
      |                                                                     ^
G:/keilc/KeilC/Keil/STM32F1xx_DFP/2.4.1/Device/Include\stm32f10x.h(26): warning: invalid UTF-8 in comment [-Winvalid-utf8]
   26 |   *           - Macros to access peripheral<92>s registers hardware
      |                                            ^
RTE/Device/STM32F103C8/system_stm32f10x.c(166): warning: no previous extern declaration for non-static variable 'AHBPrescTable' [-Wmissing-variable-declarations]
  166 | __I uint8_t AHBPrescTable[16] = {0, 0, 0, 0, 0, 0, 0, 0, 1, 2, 3, 4, 6, 7, 8, 9};
      |             ^
RTE/Device/STM32F103C8/system_stm32f10x.c(166): note: declare 'static' if the variable is not intended to be used outside of this translation unit
  166 | __I uint8_t AHBPrescTable[16] = {0, 0, 0, 0, 0, 0, 0, 0, 1, 2, 3, 4, 6, 7, 8, 9};
      |     ^
RTE/Device/STM32F103C8/system_stm32f10x.c(408): warning: unsafe buffer access [-Wunsafe-buffer-usage]
  408 |   tmp = AHBPrescTable[((RCC->CFGR & RCC_CFGR_HPRE) >> 4)];
      |         ^~~~~~~~~~~~~
5 warnings generated.
compiling system_stm32f10x.c...
main.c(1): warning: In file included from...
G:/keilc/KeilC/Keil/STM32F1xx_DFP/2.4.1/Device/Include\stm32f10x.h(18): warning: invalid UTF-8 in comment [-Winvalid-utf8]
   18 |   *              - To use or not the peripheral<92>s drivers in application code(i.e. 
      |                                                ^
G:/keilc/KeilC/Keil/STM32F1xx_DFP/2.4.1/Device/Include\stm32f10x.h(19): warning: invalid UTF-8 in comment [-Winvalid-utf8]
   19 |   *                code will be based on direct access to peripheral<92>s registers 
      |                                                                     ^
G:/keilc/KeilC/Keil/STM32F1xx_DFP/2.4.1/Device/Include\stm32f10x.h(26): warning: invalid UTF-8 in comment [-Winvalid-utf8]
   26 |   *           - Macros to access peripheral<92>s registers hardware
      |                                            ^
main.c(15): warning: implicit conversion loses integer precision: 'uint32_t' (aka 'unsigned int') to 'uint16_t' (aka 'unsigned short') [-Wimplicit-int-conversion]
   15 |         TIM2->CCR1 = 10000*u32Speed/100;
      |                    ~ ~~~~~~~~~~~~~~^~~~
main.c(3): warning: no previous prototype for function 'PWM_Timer2_Reister' [-Wmissing-prototypes]
    3 | void PWM_Timer2_Reister(uint32_t u32Speed)
      |      ^
main.c(3): note: declare 'static' if the function is not intended to be used outside of this translation unit
    3 | void PWM_Timer2_Reister(uint32_t u32Speed)
      | ^
      | static 
main.c(25): warning: no previous prototype for function 'Timer2_Register' [-Wmissing-prototypes]
   25 | void Timer2_Register(void)
      |      ^
main.c(25): note: declare 'static' if the function is not intended to be used outside of this translation unit
   25 | void Timer2_Register(void)
      | ^
      | static 
main.c(37): warning: no previous prototype for function 'Delay_Timer2_Ms' [-Wmissing-prototypes]
   37 | void Delay_Timer2_Ms(uint32_t u32Delay)
      |      ^
main.c(37): note: declare 'static' if the function is not intended to be used outside of this translation unit
   37 | void Delay_Timer2_Ms(uint32_t u32Delay)
      | ^
      | static 
main.c(50): warning: implicit conversion changes signedness: 'int' to 'uint32_t' (aka 'unsigned int') [-Wsign-conversion]
   50 |         GPIOA->CRL &= ~0x0FFFFF;
      |                    ~~ ^~~~~~~~~
main.c(54): warning: implicit conversion changes signedness: 'int' to 'uint32_t' (aka 'unsigned int') [-Wsign-conversion]
   54 |         GPIOA->ODR &= ~GPIO_ODR_ODR1;
      |                    ~~ ^~~~~~~~~~~~~~
main.c(47): warning: no previous prototype for function 'Inout' [-Wmissing-prototypes]
   47 | void Inout(void)
      |      ^
main.c(47): note: declare 'static' if the function is not intended to be used outside of this translation unit
   47 | void Inout(void)
      | ^
      | static 
main.c(59): warning: a function declaration without a prototype is deprecated in all versions of C [-Wstrict-prototypes]
   59 | int main()
      |         ^
      |          void
main.c(88): warning: implicit conversion changes signedness: 'int' to 'uint32_t' (aka 'unsigned int') [-Wsign-conversion]
   88 |                                 GPIOA->ODR &= ~GPIO_ODR_ODR2;
      |                                            ~~ ^~~~~~~~~~~~~~
main.c(93): warning: implicit conversion changes signedness: 'int' to 'uint32_t' (aka 'unsigned int') [-Wsign-conversion]
   93 |                                 GPIOA->ODR &= ~GPIO_ODR_ODR1;
      |                                            ~~ ^~~~~~~~~~~~~~
main.c(63): warning: mixing declarations and code is incompatible with standards before C99 [-Wdeclaration-after-statement]
   63 |         uint32_t u32Count = 40;
      |                  ^
14 warnings generated.
compiling main.c...
linking...
Program Size: Code=1308 RO-data=252 RW-data=0 ZI-data=1632  
".\Objects\pwm.axf" - 0 Error(s), 19 Warning(s).

<h2>Software Packages used:</h2>

Package Vendor: ARM
                http://www.keil.com/pack/ARM.CMSIS.5.9.0.pack
                ARM::CMSIS@5.9.0
                CMSIS (Common Microcontroller Software Interface Standard)
   * Component: CORE Version: 5.6.0

Package Vendor: Keil
                https://www.keil.com/pack/Keil.STM32F1xx_DFP.2.4.1.pack
                Keil::STM32F1xx_DFP@2.4.1
                STMicroelectronics STM32F1 Series Device Support, Drivers and Examples
   * Component: Startup Version: 1.0.0

<h2>Collection of Component include folders:</h2>
  ./RTE/Device/STM32F103C8
  ./RTE/_Target_1
  G:/keilc/KeilC/ARM/CMSIS/5.9.0/CMSIS/Core/Include
  G:/keilc/KeilC/Keil/STM32F1xx_DFP/2.4.1/Device/Include

<h2>Collection of Component Files used:</h2>

   * Component: ARM::CMSIS:CORE@5.6.0

   * Component: Keil::Device:Startup@1.0.0
      Source file:   Device/Source/ARM/startup_stm32f10x_md.s
      Source file:   Device/Source/system_stm32f10x.c
      Include file:  RTE_Driver/Config/RTE_Device.h
      Source file:   Device/Source/ARM/STM32F1xx_OPT.s
Build Time Elapsed:  00:00:01
</pre>
</body>
</html>
